---
source: tests/render_smoke.rs
assertion_line: 44
expression: "render_screen(140, 40, ThemeName::AmberPlotter)"
---
┌ SYSTEM STATUS ───────────────────────────────────────────────────────────────────────────────────────────────────────────────────────────┐
│ WIREGLYPH // BEACON OPS   29N 36E  STATIC F01  ARM  00/09   AMBER // PLOTTER                                                             │
└──────────────────────────────────────────────────────────────────────────────────────────────────────────────────────────────────────────┘
┌ NAVIGATOR ─────────┐┌ SYSTEM MAP // CLUSTERED LAYER 01 ────────────────────────────────────────────────┐┌ INSPECTOR ─────────────────────┐
│◆ ENTRY POINTS  02  ││        ⡇       ⢸       ⢸       ⢸        ⡇       ⡇       ⡇       ⡇       ⢸        ││SELECTED NODE                   │
│SERVER.ENTRY        ││ ⢸UI // CLIENT⠉⠉⢹⠉⠉⠉⠉⠉⠉⠉⢹⠉⠉⠉⠉⠉⠉⠉⢹⠉⠉⠉⢹    ⡇       ⡇       ⡇       ⡇       ⢸        ││◆ SERVER.ENTRY                  │
│WEB.ENTRY           ││ ⢸      ⡇       ⢸       ⢸     ⣀⣀⢀   ⢸    ⡇       ⡇       ⡇       ⡇       ⢸        ││N01 // ENTRY                    │
│                    ││ ⢸   ◆ WEB.ENTRY⠒⠒⠒⠒⠒⠂⣒⠒⠉⠉⠉⠉⠉⠉  ⢸   ⢸    ⡇       ⡇       ⡇       ⡇       ⢸        ││                                │
│□ SUBSYSTEMS    07  ││ ⢸      ⡇       ⢸      ⠑⠤⡀      ⢸   ⢸DOMAIN⠒⠒⠒⠒⠒⠒⡗⠒⠒⠒⡆   ⡇       ⡇       ⢸        ││EVIDENCE                        │
│▶ BOOT     03       ││⠒⢺⠒⠒⠒⠒⠒⠒⡗⠒⠒⠒⠒⠒⠒⠒⢺⠒⠒⠒⠒⠒⠒⠒⢺⠈⠒⢀⠒⠒⠒⠒⢺⠒⠒⠒⢺⠒⠒⠒⠒⡗⠒⠒⠒⠒⠒⠒⠒⡗⠒⠒⠒⡗⠒⠒⠒⡗⠒⠒⠒⠒⠒⠒⠒⡗⠒⠒⠒⠒⠒⠒⠒⢺⠒⠒⠒⠒⠒⠒⠒⠒││src/server.ts                   │
│HTTP     05         ││ ⢸      ⡇       ⢸       ⢸  ⢸□ API.CLIENT ⡇  ↔ CYCLE 01   ⡇       ⡇       ⢸        ││LINES 1–24                      │
│DOMAIN   05         ││ ⠈⠉⠉⡭BOOT⠭⠭⠭⠭⠭⠭⠭⢽⠭⢭⢩HTTP⢽⠭⠭⢸⠭⠭⠭⠭⢽⠭⠭⠭⣽    □ FLOW⠤⠤□ GRAPH ⡇       ⡇       ⢸        ││                                │
│DATA     05         ││    ⡇   ⡇       ⢸ ⢸⢸    ⢸  ⢸    ⢸   ⣿    ⡇       ⡇   ⡇   ⡇       ⡇       ⢸        ││RELATIONSHIPS                   │
│UI       05         ││    ⡇   ⡇       ⢸ ⢸⢸    ⡠⠈ ⢸ ⣀⡤⠖⠈   ⣿    ⡇       ⡇   ⡇   ⡇       ⡇       ⢸        ││IN  00    OUT 02                │
│EXT      04         ││⠤⠤⠤⠤⡧⠤⠤⠤⡧⠤⠤⠤⠤⠤⠤⠤⢼⠤⢼⢼⠤⢀⠔⠊⢼⣈⣦⡾⠛⠁⠤⠤⡇⠤⠤⠤⣿⠤⠤⠤⠤⡧⠤⠤⠤⠤⠤⠤⠤⡧⠤⠤⠤⡧DATA⠭⠭⠭⠭⠭⠭⠭⡯⠭⠭⠭⠭⠭⠭⠭⢽⠭⠭⡧⠤⠤⠤⠤⠤││                                │
│OPS      02         ││    ⡇⠈◆ SERVER  ⢸ ⢸⢀⠔□ API.ROUTER   ⣿    ⡇       ⡇   ⡇⡇  ⡇       ⡇       ⢸  ⡇     ││STATIC PATH                     │
│                    ││    ⡇ ⠸⡀⠑⠢⡀     ⢸⢀⣔⣕⠭⠊⢣ ⢸ ⢱⡇   ⢸⢸□ GET.SYSTEM  □ SYS.REPO⡇⢀⣀⠤⡴⠂  ⡇       ⢸  ⡇     ││POSSIBLE STRUCTURAL ROUTE       │
│▷ STATIC FLOW  01   ││    ⡇  ⠱⡀ ›⠑⢄⡀ ⣠⡾⠟›⢸   ⠑› ⢸⡇   ⣸⠒⡝⠑⢄⣿    ⡇   ⡠⠔⠁⠱⡀  ⢀⣀⠤⠔⠒⠉⠁⢀⠔⣁▤ DB.CONN  ⢸  ⡇     ││NOT OBSERVED RUNTIME DATA       │
│SYSTEM DETAIL       ││    ⡇   ⢣    ⠈□ APP.FACT⢸⠱⡈⡇⣀⠔›⡇⢀⠇  ⠑›   ⡇ ⡠›⣀⣀⣀⣠⠬⠶⡮⠥⠒⠒⠒⠒⠉⡩⠋⢉⠔⢺⠉⠒⢄       ⢸  ⡇     ││                                │
│09 HOPS             ││    ⡇   ⡇⢇    ⠈⢆⢸ ⢸⢸   ⠈⠉⠉⠉▷ GET/:ID⣤⣒⡓⢖⢒⣝⡫⠭⠛⠊⠉  ⡇ ›⢄⡇⡇ ⢀⢜⡠›⠁ ⡎  ⡇⠉›⣀    ⢸  ⡇     ││                                │
│                    ││⠉⠉⠉⠉⡏⠉⠉⠉⡏⠈⢆⠉⠉⣀⣀⣈⣆⠤⠤⠤⠤⠒⠒⠒⠒⠉⠉⠉⠉⠉⢸⠉⡇⠉⠉⠉⣿⠉⠈⠉□ SYSTEM.SVC⠉⠱⡀⡰⠕⠁⠉⠉⠉⡸⠉⠉⠉⡏⠉⠉⠉⠑⠤⡀⠉⢹⠉⠉⡏⠉⠉⠉⠉⠉││                                │
│                    ││    ⡇   ⡇ ⠈⠉⠉   ⠈⢆⢸⢸    ⢸     ⡸⢰⠁   ⣿   ⢱⠱⡀      ⡇   ⡇▤ SQLITE   ⡇     ○ SQLITE3  ││                                │
│                    ││    ⡇   ⡇       ⢸⠈⢆⠈⠉⠉⠉⠉⢹⠉⠉⠉⠉⠉⡇⡜⢹⠉⠉⠉⢹   ⢸⡇⠱⡀     ⡇   ⡇⡇  ⡇  ⡜    ⡇       ⢸  ⡇     ││                                │
│                    ││    ⠉⠉⠉⠉⡏⠉⠉⠉⠉⠉⠉⠉⢹⠉⠈⢆    ⢸    ⢠⢃⠇⢸   ⢸   ⠘⡄ ⠱⡀    ⡇   ⡇⡇  ⡇ ⢠⠃    ⡇       ⢸  ⡇     ││                                │
│                    ││        ⡇       ⢸  ⠈⢆   ⢸    ⢸⢸ ⢸   ⢸    ⡇  ⠱⡀   ⡇   ⡇⡇  ⡇ ⡎     ⡇       ⢸  ⡇     ││                                │
│                    ││⠒⠒⠒⠒⠒⠒⠒⠒⡗⠒⠒⠒⠒⠒⠒⠒⢺⠒⠒⠒⠈⢆⠒⠒⢺⠒⠒⠒⠒⡜⡎⠒⢺⠒⠒⠒⢺⠒⠒⠒⠒⢇⠒⠒⠒⠐⠒⠐⠒⠂⠐⠒⠂⡗⠂◇? ALERT⠒⠒⡗⠒⠒⠒⠒⠒⠒⠒⢺⠒⠒⡗⠒⠒⠒⠒⠒││                                │
│                    ││        ⡇       ⢸    ⠈⢆ ⢸    ⣧⠃ ⢸   ⢸    ⢸ ⢀⠜  ◇? INFERRED .42   ⡇       ⢸  ⡇     ││                                │
│                    ││        ⡇       ⢸     ⠈⢆⢸   ⢠⡻  ⢸   ⠘⠒⢒EXT // BOUNDARY⣇⣀⣀⣇⣀⣀⣀⣀⣀⣀⣀⣇⣀⣀⣀⣀⣀⣀⣀⣸⣀⣀⡇     ││                                │
│                    ││        ⡇       ⢸      ⠈⢆   ⢸⡇  ⢸     ⢸  ⡠⡇      ⡇       ⡇⢸      ⡇       ⢸        ││                                │
│                    ││        ⡇       ⢸      OPS  ⣾   ⢸     ⢸ ⡰⠁⡇      ⡇  ⣀⣀⠠  ⡇⢸      ⡇       ⢸        ││                                │
│                    ││⠤⠤⠤⠤⠤⠤⠤⠤⡧⠤⠤⠤⠤⠤⠤⠤⢼⠤⠤⠤⠤⠤⡯⠭⢽⠈⢆⠭⡏⠭⠭⠭⢽⠭⠭⠭⠭⢽⢀⠜⠤⡧▤ REPO.PROBE⠤⠤⠤⡧⢼⠤⠤⠤⠤⠤⠤⡧⠤⠤⠤⠤⠤⠤⠤⢼⠤⠤⠤⠤⠤⠤⠤⠤││                                │
│                    ││        ⡇       ⢸     ⡇ ⢸ ⠈⢶⠃   ⢸    ⢀⠎  ⡇⠈⠙⠒⠢⠤⣀⣀⡇       ⡇⢸      ⡇       ⢸        ││                                │
│                    ││        ⡇       ⢸     ⡇ ⢸  ⠈⠑⠢⢄⡀⢸   ⡠⠃⢸  ⡇       ⠉⠑⠒⠢⠄   ⡇⢸      ⡇       ⢸        ││                                │
│                    ││        ⡇       ⢸     ⡇ ⢸      ⠈⠑⠢⢄⡀⠁⢸⢸  ⡇       ⡇       ⡇⢸      ⡇       ⢸        ││                                │
│                    ││  ▷ STATIC PATH // POSSIBLE STRUCTURAL ROUTE⣀⣀⣀⣀⣀⣇⣀⣀⣀⣀⣀⣀⣀⣇⣸      ⡇       ⢸        ││                                │
│                    ││        ⡇       ⢸     ⠓⠒⢺⠒⠒⠒⠒⠒⠒⠒⢺⠒⠒⠒⠒⠚   ⡇       ⡇       ⡇       ⡇       ⢸        ││                                │
└────────────────────┘└──────────────────────────────────────────────────────────────────────────────────┘└────────────────────────────────┘
┌ COMMAND ─────────────────────────────────────────────────────────────────────────────────────────────────────────────────────────────────┐
│←→ NODE  F FLOW  ,. STEP  SPACE PLAY  M FULL  E EVIDENCE  TAB MAP   T  THEME   Q  EXIT                                                    │
└──────────────────────────────────────────────────────────────────────────────────────────────────────────────────────────────────────────┘
