---
source: tests/render_smoke.rs
assertion_line: 40
expression: "render_screen(100, 30, ThemeName::AmberPlotter)"
---
┌ SYSTEM STATUS ───────────────────────────────────────────────────────────────────────────────────┐
│ WIREGLYPH // BEACON OPS   29N 36E  STATIC F01  ARM  00/09   AMBER // PLOTTER                     │
└──────────────────────────────────────────────────────────────────────────────────────────────────┘
┌ SYSTEM MAP // CLUSTERED LAYER 01 ────────────────────────────────────────────────────────────────┐
│  ⣀⣀⣀⣀⣀⣀⣀⣀⣇⣀⣀⣀⣀⣀⣀⣀⣀⣸⣀⣀⣀⣀⣀⣀⣀⣀⣀⣸⣀⣀⣀⣀⣀⣀⣀⣀⣀⣇⣀⣀⣀⣀⡀    ⡇        ⢸         ⢸         ⡇         ⡇         │
│  ⡇UI // CLIENT    ⢸         ⢸      ⣀⣀⣀⡀    ⡇    ⡇        ⢸         ⢸         ⡇         ⡇         │
│  ⡇   ◆ WEB.ENTRY⠒⠒⠒⠒⠒⠒⠒⠒⠐⠲⢖⡒⠉⠉⠉⠉⠉⠉⠉   ⡇    ⡇    ⡇        ⢸         ⢸         ⡇         ⡇         │
│⣀⣀⣇⣀⣀⣀⣀⣀⣀⣀⣇⣀⣀⣀⣀⣀⣀⣀⣀⣸⣀⣀⣀⣀⣀⣀⣀⣀⠈⠑⠢⢄⡀⣀⣀⣀⣀⣀⣀⣇⣀⣀⣀⣀⣏DOMAIN⣉⣉⣉⣉⣉⣉⣉⣹⣉⣉⣉⣉⣹⣀⣀⣀⣀⣸⣀⣀⣀⣀⣀⣀⣀⣀⣀⣇⣀⣀⣀⣀⣀⣀⣀⣀⣀⣇⣀⣀⣀⣀⣀⣀⣀⣀⣀│
│  ⣇⣀⣀⣀⣀⣀⣀⣀⣇⣀⣀⣀⣀⣀⣀⣀⣀⣸⣀⣀⣀⣀⣀⣀⣀⣀⣀⣸⣀⣀⠈□ API.CLIENT    ⡇  ↔ CYCLE 01 ⢸    ⢸         ⡇         ⡇         │
│     ⡏BOOT⡏⠉⠉⠉⠉⠉⠉⠉⠉⢹⠉⠉⢹⢸HTTP⠉⢹⠉⠉⢀⠇⠉⠉⠉⠉⠉⡏⠉⠉⠉⡇⡇    □ FLOW⠉⠉⠉□ GRAPH   ⢸         ⡇         ⡇         │
│     ⡇    ⡇        ⢸  ⢸⢸    ⣀⠤⠂ ⢸ ⢀⣀⣠⠤⠔⠂   ⡇⡇    ⡇        ⢸    ⢸    ⢸         ⡇         ⡇         │
│⠒⠒⠒⠒⠒⡗⠒◆ SERVER⠒⠒⠒⠒⢺⠒⠒⢺⢺⣀⠤⢒⣉⡠⣤⣼⠶⢺⠋⠉⠒⠒⠒⢸⡗⠒⠒⠒⡗⡗⠒⠒⠒⠒⡗⠒⠒⠒⠒⠒⠒⠒⠒⢺⠒⠒⠒⠒⢺⢺DATA⠛⠛⠛⠛⠛⠛⠛⠛⠛⡟⠛⠛⠛⠛⠛⠛⠛⠛⠛⡟⠛⢻⠒⠒⠒⠒⠒⠒⠒│
│     ⡇ ⠈⢢⠉⠒⠤⣀      ⢸⣀›⣲⣭⠶□ API.ROUTER ⡇⢀□ GET.SYSTEM    □ SYS.REPO  ⢀⣀⡠⠤⢤⡲⠂   ⡇         ⡇ ⢸       │
│     ⡇   ⠱⡀ ›⠉⠒⠤□ APP.FACT  ⠑›⡀⢸⡇  ⣀›⢼⠊⢱⠉⠑⠢⢄⡀    ⡇  ›⡠⠔⠊⠁⠉⠒⣄⣀⡠⠤⢔⣒⣒⣉⣉⣁⣀⣠⡴⠥⢤⣤▤ DB.CONN    ⡇ ⢸       │
│     ⡇    ⠈⢆     ⠑⡄⢸⠉⠉⠉⠉⠉⠉⠒⠒⠒⠒⠚⠓▷ GET/:ID⣤⣤⣤›⠶⠤⣤⢒⣲⣖⣚⠷⠶⠒⠚⠋⠉⠉⠉⠉›⠭⡁⢸  ⢀⢔⣊›⠒⠊⢁⠎  ⠈⠑⠒⠤›⣀     ⡇ ⢸       │
│⠉⠉⠉⠉⠉⡏⠉⠉⠉⠉⡏⠉⠠⠤⠤⠤⠔⠒⠚⠲⡒⠒⠒⠒⠊⠉⠉⠉⠉⠉⠉⠉⠁⠉⠉⠉⢰⠁⡜⡏⠉⠉⠉⡏⡏⠉⠉⠉□ SYSTEM.SVC⠉⠉⠉⠈⠑▤ SQLITE⠎⠉⠉⠉⠉⡏⠉⠉⠉⠉⠉⠒○ SQLITE3⠉⠉⠉⠉│
│     ⡇    ⡇        ⢸⠈⢢⢸⠘⠒⠒⠒⠒⠒⢺⠒⠒⠒⠒⠒⠒⡎⢰⠁⡗⠒⠒⠒⠃⡇   ⢸⡇⠑⡄      ⢸    ⢸⢸   ⢸  ⢀⠎     ⡇         ⡇ ⢸       │
│     ⠉⠉⠉⠉⠉⡏⠉⠉⠉⠉⠉⠉⠉⠉⢹⠉⠉⠑⢄     ⢸     ⢠⢃⠇ ⡇    ⡇   ⠘⡄ ⠈⠢⡀    ⢸    ⢸⢸   ⢸ ⢀⠎      ⡇         ⡇ ⢸       │
│⠤⠤⠤⠤⠤⠤⠤⠤⠤⠤⡧⠤⠤⠤⠤⠤⠤⠤⠤⢼⠤⠤⠤⠤⠱⡀⠤⠤⠤⢼⠤⠤⠤⠤⠤⡜⡜⠤⠤⡧⠤⠤⠤⠤⡧⠤⠤⠤⠤⡇⠤⠤⠤⠈⠠⠤⠠⠤⠠⠤⠠⠤⠠⢼⠠⠤◇? ALERT⠤⠤⠤⠤⡧⠤⠤⠤⠤⠤⠤⠤⠤⠤⡧⠤⢼⠤⠤⠤⠤⠤⠤⠤│
│          ⡇        ⢸     ⠈⠢⡀ ⢸    ⢠⢳⠁  ⡇    ⡇    ⢸  ⡠⠊  ◇? INFERRED .42       ⡇         ⡇ ⢸       │
│          ⡇        ⢸       ⠈⢆⢸    ⣸⠇   ⡇    ⠉⠉⡟EXT // BOUNDARY⠛⠛⠚⠒⠒⠒⢺⠒⡖⠒⠒⠒⠒⠒⠒⠒⡗⠒⠒⠒⠒⠒⠒⠒⠒⠒⡗⠒⠚       │
│          ⡇        ⢸      ⢀OPS⢄⣀⣀⢀⡟⣀⣀⣀⣀⣇⣀⣀⣀⣀⣀⡀⡇⢀⠔⠁⡇       ⢸ ⣀⣀⣀⣀⠤⠠  ⢸ ⡇       ⡇         ⡇         │
│⠒⠒⠒⠒⠒⠒⠒⠒⠒⠒⡗⠒⠒⠒⠒⠒⠒⠒⠒⢺⠒⠒⠒⠒⠒⠒⢺⠒⠒⢺⠒⠱⡀⣸⠁⠒⠒⠒⠒⡗⠒⠒⠒⠒⠒⣀⠔⠁⠒⡗▤ REPO.PROBE⠒⠒⠒⠒⠒⠒⢺⠒⡗⠒⠒⠒⠒⠒⠒⠒⡗⠒⠒⠒⠒⠒⠒⠒⠒⠒⡗⠒⠒⠒⠒⠒⠒⠒⠒⠒│
│          ⡇        ⢸      ⢸  ⢸  ⠈⠂⠢⠤⢄⣀⣀⡇   ⡠⠊⡇⡇  ⡇     ⠈⠉⠉⠉⠒⠒⠒⠤⠠    ⢸ ⡇       ⡇         ⡇         │
│          ⡇        ⢸      ⢸  ⢸         ⠉⠉⠒⠂  ⡇⡇  ⡇        ⢸         ⢸ ⡇       ⡇         ⡇         │
│  ▷ STATIC PATH // POSSIBLE STRUCTURAL ROUTE⠤⠇⠉⠉⠉⡏⠉⠉⠉⠉⠉⠉⠉⠉⢹⠉⠉⠉⠉⠉⠉⠉⠉⠉⢹⠉⠁       ⡇         ⡇         │
└──────────────────────────────────────────────────────────────────────────────────────────────────┘
┌ COMMAND ─────────────────────────────────────────────────────────────────────────────────────────┐
│←→ NODE  F FLOW  ,. STEP  SPACE PLAY  M FULL  E DRAWER   T  THEME   Q  EXIT                       │
└──────────────────────────────────────────────────────────────────────────────────────────────────┘
