---
source: src/ui.rs
assertion_line: 2453
expression: "render_for_test(&app, 100, 30)"
---
┌ SYSTEM STATUS ───────────────────────────────────────────────────────────────────────────────────┐
│ WIREGLYPH // BEACON OPS   29N 36E  STATIC F01  PAUSE  05/09   AMBER // PLOTTER                   │
└──────────────────────────────────────────────────────────────────────────────────────────────────┘
┌ SYSTEM MAP // CLUSTERED LAYER 01 ─────────────────────┌ INSPECTOR // FLOW EVIDENCE ──────────────┐
│  ⣀⣀⣀⣀⣀⣀⣀⣀⣇⣀⣀⣀⣀⣀⣀⣀⣀⣸⣀⣀⣀⣀⣀⣀⣀⣀⣀⣸⣀⣀⣀⣀⣀⣀⣀⣀⣀⣇⣀⣀⣀⣀⡀    ⡇     │STATIC EDGE 05/09                         │
│  ⡇UI // CLIENT    ⢸         ⢸      ⣀⣀⣀⡀    ⡇    ⡇     │GET.SYSTEM → SYSTEM.SERVICE               │
│  ⡇   ◆ WEB.ENTRY⠒⠒⠒⠒⠒⠒⠒⠒⠐⠲⢖⡒⠉⠉⠉⠉⠉⠉⠉   ⡇    ⡇    ⡇     │E17 // CALLS                              │
│⣀⣀⣇⣀⣀⣀⣀⣀⣀⣀⣇⣀⣀⣀⣀⣀⣀⣀⣀⣸⣀⣀⣀⣀⣀⣀⣀⣀⠈⠑⠢⢄⡀⣀⣀⣀⣀⣀⣀⣇⣀⣀⣀⣀⣏DOMAIN⣉⣉⣉⣉│HTTP → DOMAIN                             │
│  ⣇⣀⣀⣀⣀⣀⣀⣀⣇⣀⣀⣀⣀⣀⣀⣀⣀⣸⣀⣀⣀⣀⣀⣀⣀⣀⣀⣸⣀⣀⠈□ API.CLIENT    ⡇  ↔ C│                                          │
│     ⡏BOOT⡏⠉⠉⠉⠉⠉⠉⠉⠉⢹⠉⠉⢹⢸HTTP⠉⢹⠉⠉⢀⠇⠉⠉⠉⠉⠉⡏⠉⠉⠉⡇⡇    □ FLOW│EDGE EVIDENCE                             │
│     ⡇    ⡇        ⢸  ⢸⢸    ⣀⠤⠂ ⢸ ⢀⣀⣠⠤⠔⠂   ⡇⡇    ⡇     │src/http/handlers/get_system.ts           │
│⠒⠒⠒⠒⠒⡗⠒◆ SERVER⠒⠒⠒⠒⢺⠒⠒⢺⢺⣀⠤⢒⣉⡠⣤⣼⠶⢺⠋⠉⠒⠒⠒⢸⡗⠒⠒⠒⡗⡗⠒⠒⠒⠒⡗⠒⠒⠒⠒⠒│LINES 16–16                               │
│     ⡇ ⠈⢢⠉⠒⠤⣀      ⢸⣀›⣲⣭⠶□ API.ROUTER ⡇⢀◇ GET.SYSTEM   │                                          │
│     ⡇   ⠱⡀ ›⠉⠒⠤□ APP.FACT  ⠑›⡀⢸⡇  ⣀›⢼⠊⢱⠉⠑⠢⢄⡀    ⡇  ›⡠⠔│PROVENANCE  EXTRACTED                     │
│     ⡇    ⠈⢆     ⠑⡄⢸⠉⠉⠉⠉⠉⠉⠒⠒⠒⠒⠚⠓▷ GET/:ID⣤⣤⣤▶⠶⠤⣤⢒⣲⣖⣚⠷⠶⠒│CONFIDENCE  1.00                          │
│⠉⠉⠉⠉⠉⡏⠉⠉⠉⠉⡏⠉⠠⠤⠤⠤⠔⠒⠚⠲⡒⠒⠒⠒⠊⠉⠉⠉⠉⠉⠉⠉⠁⠉⠉⠉⢰⠁⡜⡏⠉⠉⠉⡏⡏⠉⠉⠉□ SYSTE│                                          │
│     ⡇    ⡇        ⢸⠈⢢⢸⠘⠒⠒⠒⠒⠒⢺⠒⠒⠒⠒⠒⠒⡎⢰⠁⡗⠒⠒⠒⠃⡇   ⢸⡇⠑⡄   │POSSIBLE STRUCTURAL ROUTE                 │
│     ⠉⠉⠉⠉⠉⡏⠉⠉⠉⠉⠉⠉⠉⠉⢹⠉⠉⠑⢄     ⢸     ⢠⢃⠇ ⡇    ⡇   ⠘⡄ ⠈⠢⡀ │NOT OBSERVED RUNTIME DATA                 │
│⠤⠤⠤⠤⠤⠤⠤⠤⠤⠤⡧⠤⠤⠤⠤⠤⠤⠤⠤⢼⠤⠤⠤⠤⠱⡀⠤⠤⠤⢼⠤⠤⠤⠤⠤⡜⡜⠤⠤⡧⠤⠤⠤⠤⡧⠤⠤⠤⠤⡇⠤⠤⠤⠈⠠│                                          │
│          ⡇        ⢸     ⠈⠢⡀ ⢸    ⢠⢳⠁  ⡇    ⡇    ⢸  ⡠⠊ │[,] PREV   [.] NEXT                       │
│          ⡇        ⢸       ⠈⢆⢸    ⣸⠇   ⡇    ⠉⠉⡟EXT // B│                                          │
│          ⡇        ⢸      ⢀OPS⢄⣀⣀⢀⡟⣀⣀⣀⣀⣇⣀⣀⣀⣀⣀⡀⡇⢀⠔⠁⡇    │                                          │
│⠒⠒⠒⠒⠒⠒⠒⠒⠒⠒⡗⠒⠒⠒⠒⠒⠒⠒⠒⢺⠒⠒⠒⠒⠒⠒⢺⠒⠒⢺⠒⠱⡀⣸⠁⠒⠒⠒⠒⡗⠒⠒⠒⠒⠒⣀⠔⠁⠒⡗▤ REP│                                          │
│          ⡇        ⢸      ⢸  ⢸  ⠈⠂⠢⠤⢄⣀⣀⡇   ⡠⠊⡇⡇  ⡇     │                                          │
│          ⡇        ⢸      ⢸  ⢸         ⠉⠉⠒⠂  ⡇⡇  ⡇     │                                          │
│  ▷ STATIC PATH // POSSIBLE STRUCTURAL ROUTE⠤⠇⠉⠉⠉⡏⠉⠉⠉⠉⠉│                                          │
└───────────────────────────────────────────────────────└──────────────────────────────────────────┘
┌ COMMAND ─────────────────────────────────────────────────────────────────────────────────────────┐
│←→ NODE  F FLOW  ,. STEP  SPACE PLAY  M FULL  E DRAWER   T  THEME   Q  EXIT                       │
└──────────────────────────────────────────────────────────────────────────────────────────────────┘
